layer  0 linear_attention    12.0s  tokens/expert min 2124 median 7848
layer  1 linear_attention    12.2s  tokens/expert min 227 median 7465
layer  2 linear_attention    12.2s  tokens/expert min 3461 median 7363
layer  3 full_attention      11.4s  tokens/expert min 402 median 7165
layer  4 linear_attention    12.2s  tokens/expert min 691 median 6838
layer  5 linear_attention    12.0s  tokens/expert min 962 median 7289
layer  6 linear_attention    12.2s  tokens/expert min 712 median 7100
layer  7 full_attention      11.5s  tokens/expert min 277 median 6288
layer  8 linear_attention    12.4s  tokens/expert min 217 median 5842
layer  9 linear_attention    12.2s  tokens/expert min 122 median 6099
layer 10 linear_attention    12.4s  tokens/expert min 507 median 6960
layer 11 full_attention      11.6s  tokens/expert min 718 median 6962
layer 12 linear_attention    12.2s  tokens/expert min 475 median 6204
layer 13 linear_attention    12.4s  tokens/expert min 492 median 6223
layer 14 linear_attention    12.3s  tokens/expert min 214 median 6174
layer 15 full_attention      11.8s  tokens/expert min 560 median 6598
layer 16 linear_attention    12.5s  tokens/expert min 424 median 6408
layer 17 linear_attention    12.2s  tokens/expert min 875 median 6230
layer 18 linear_attention    12.2s  tokens/expert min 474 median 6582
layer 19 full_attention      11.6s  tokens/expert min 255 median 6223
layer 20 linear_attention    12.4s  tokens/expert min 285 median 6056
layer 21 linear_attention    12.3s  tokens/expert min 52 median 6184
layer 22 linear_attention    12.3s  tokens/expert min 324 median 6487
layer 23 full_attention      11.8s  tokens/expert min 480 median 6616
layer 24 linear_attention    12.2s  tokens/expert min 279 median 6312
layer 25 linear_attention    12.3s  tokens/expert min 190 median 6156
layer 26 linear_attention    12.5s  tokens/expert min 98 median 6262
layer 27 full_attention      11.5s  tokens/expert min 364 median 6494
layer 28 linear_attention    12.1s  tokens/expert min 291 median 6704
layer 29 linear_attention    12.6s  tokens/expert min 661 median 6705
layer 30 linear_attention    12.3s  tokens/expert min 555 median 6238
layer 31 full_attention      11.5s  tokens/expert min 316 median 6316
layer 32 linear_attention    12.4s  tokens/expert min 398 median 6788
layer 33 linear_attention    12.2s  tokens/expert min 276 median 7122
layer 34 linear_attention    12.3s  tokens/expert min 223 median 7019
layer 35 full_attention      11.4s  tokens/expert min 132 median 6655
layer 36 linear_attention    12.2s  tokens/expert min 206 median 6709
layer 37 linear_attention    12.1s  tokens/expert min 353 median 6002
layer 38 linear_attention    12.4s  tokens/expert min 14 median 5803
layer 39 full_attention      11.7s  tokens/expert min 173 median 5485
EXIT 0
