== t8-kq-q4k
-rw-r--r-- 1 jach jach 8642092000 10-07 07:45 models/q/t8-kq-q4k.gguf
t8-kq-q4k	8242	7.5481 +/- 0.09512	2.6042 +/- 0.02461	512/0=5907.0 0/128=186.8
== g4
-rw-r--r-- 1 jach jach 10856684512 10-07 07:51 models/q/g4.gguf
g4	10354	6.5969 +/- 0.07856	2.3924 +/- 0.02090	-
== g0
-rw-r--r-- 1 jach jach 10856684512 10-07 07:58 models/q/g0.gguf
g0	10354	7.1232 +/- 0.08891	2.5040 +/- 0.02335	-
== g1
-rw-r--r-- 1 jach jach 10856684512 10-07 08:04 models/q/g1.gguf
g1	10354	7.1721 +/- 0.08978	2.4459 +/- 0.02251	-
== g2
-rw-r--r-- 1 jach jach 10856684512 10-07 08:11 models/q/g2.gguf
g2	10354	7.1879 +/- 0.08971	2.4132 +/- 0.02210	-
== g3
-rw-r--r-- 1 jach jach 10856684512 10-07 08:17 models/q/g3.gguf
g3	10354	7.1312 +/- 0.08960	2.4516 +/- 0.02279	-
== tdown
-rw-r--r-- 1 jach jach 9816497120 10-07 08:24 models/q/tdown.gguf
tdown	9362	6.8899 +/- 0.08485	2.4074 +/- 0.02186	-
PHASE1C-DONE
