== t1-fit
-rw-r--r-- 1 jach jach 8157740000 10-06 21:37 models/q/t1-fit.gguf
t1-fit	7780	50.8313 +/- 0.92962	12.0987 +/- 0.18935	512/0=6316.4 0/128=212.6
== t0-absmax
-rw-r--r-- 1 jach jach 8157739744 10-06 21:39 models/q/t0-absmax.gguf
t0-absmax	7780	7218771.5264 +/- 85005.55248	19813734.5189 +/- 232757.69976	512/0=6420.2 0/128=213.6
== iq2xxs
-rw-r--r-- 1 jach jach 9497654240 10-06 22:09 models/q/iq2xxs.gguf
iq2xxs	9058	7.8308 +/- 0.09714	2.6455 +/- 0.02382	512/0=5602.4 0/128=212.2
== q2k
-rw-r--r-- 1 jach jach 12939594720 10-06 22:17 models/q/q2k.gguf
q2k	12341	6.3482 +/- 0.07838	2.1284 +/- 0.01799	512/0=4458.3 0/128=205.9
== t4-fit-q6k
-rw-r--r-- 1 jach jach 9005356000 10-06 22:23 models/q/t4-fit-q6k.gguf
t4-fit-q6k	8589	8.7818 +/- 0.11448	2.8170 +/- 0.02771	512/0=5782.1 0/128=168.8
== t2-fit-q8
-rw-r--r-- 1 jach jach 9346604000 10-06 22:28 models/q/t2-fit-q8.gguf
t2-fit-q8	8914	8.8129 +/- 0.11495	2.8167 +/- 0.02770	512/0=6018.8 0/128=156.3
== t3-fit-q4k
-rw-r--r-- 1 jach jach 8642092000 10-06 22:34 models/q/t3-fit-q4k.gguf
t3-fit-q4k	8242	8.8579 +/- 0.11595	2.8343 +/- 0.02801	512/0=5914.6 0/128=186.9
== t5-fit-q6k-noimx
-rw-r--r-- 1 jach jach 9005355744 10-06 22:39 models/q/t5-fit-q6k-noimx.gguf
t5-fit-q6k-noimx	8589	8.3877 +/- 0.10860	2.7397 +/- 0.02680	512/0=5812.5 0/128=168.7
PHASE1-DONE
