layer  0 linear_attention     9.8s  tokens/expert min 2124 median 7848
layer  1 linear_attention     9.5s  tokens/expert min 177 median 7600
layer  2 linear_attention     9.8s  tokens/expert min 3654 median 7193
layer  3 full_attention      12.6s  tokens/expert min 296 median 7044
layer  4 linear_attention    12.7s  tokens/expert min 635 median 6476
layer  5 linear_attention    15.8s  tokens/expert min 916 median 6972
layer  6 linear_attention    14.8s  tokens/expert min 702 median 6802
layer  7 full_attention      12.3s  tokens/expert min 198 median 6034
layer  8 linear_attention    13.3s  tokens/expert min 227 median 6069
layer  9 linear_attention    12.8s  tokens/expert min 135 median 6013
layer 10 linear_attention    12.4s  tokens/expert min 376 median 6999
layer 11 full_attention      11.8s  tokens/expert min 705 median 6824
layer 12 linear_attention    12.8s  tokens/expert min 437 median 5956
layer 13 linear_attention    12.8s  tokens/expert min 477 median 6052
layer 14 linear_attention    13.1s  tokens/expert min 220 median 5981
layer 15 full_attention      11.6s  tokens/expert min 560 median 6384
layer 16 linear_attention    12.3s  tokens/expert min 335 median 6239
layer 17 linear_attention    12.9s  tokens/expert min 462 median 6094
layer 18 linear_attention    12.7s  tokens/expert min 384 median 6634
layer 19 full_attention      11.6s  tokens/expert min 217 median 6011
layer 20 linear_attention    13.6s  tokens/expert min 218 median 5820
layer 21 linear_attention    12.6s  tokens/expert min 83 median 6207
layer 22 linear_attention    13.1s  tokens/expert min 171 median 6224
layer 23 full_attention      11.9s  tokens/expert min 343 median 6626
layer 24 linear_attention    12.5s  tokens/expert min 163 median 5926
layer 25 linear_attention    12.9s  tokens/expert min 133 median 6233
layer 26 linear_attention    13.0s  tokens/expert min 77 median 6198
layer 27 full_attention      12.1s  tokens/expert min 233 median 6037
layer 28 linear_attention    12.8s  tokens/expert min 227 median 6812
layer 29 linear_attention    12.8s  tokens/expert min 427 median 6440
layer 30 linear_attention    12.6s  tokens/expert min 447 median 6203
layer 31 full_attention      11.6s  tokens/expert min 277 median 6113
layer 32 linear_attention    13.5s  tokens/expert min 252 median 6761
layer 33 linear_attention    12.7s  tokens/expert min 121 median 7245
layer 34 linear_attention    13.0s  tokens/expert min 98 median 6908
layer 35 full_attention      11.3s  tokens/expert min 61 median 6278
layer 36 linear_attention    10.9s  tokens/expert min 92 median 6313
layer 37 linear_attention     9.7s  tokens/expert min 189 median 5760
layer 38 linear_attention     9.8s  tokens/expert min 7 median 5945
layer 39 full_attention       8.9s  tokens/expert min 89 median 5396
